// Jest Snapshot v1, https://goo.gl/fbAQLP

exports[`Render Home should render the Home Component accordingly 1`] = `ShallowWrapper {}`;
