// Jest Snapshot v1, https://goo.gl/fbAQLP

exports[`Render Cart should render the Cart Component accordingly 1`] = `ShallowWrapper {}`;
