// Jest Snapshot v1, https://goo.gl/fbAQLP

exports[`Render Navigation should render the Navigation Component accordingly 1`] = `ShallowWrapper {}`;
