// Jest Snapshot v1, https://goo.gl/fbAQLP

exports[`Render ErrorBoundary should render the ErrorBoundary Component accordingly 1`] = `ShallowWrapper {}`;
