// Jest Snapshot v1, https://goo.gl/fbAQLP

exports[`Render ProductToCart should render the ProductToCart Component accordingly 1`] = `ShallowWrapper {}`;
