// Jest Snapshot v1, https://goo.gl/fbAQLP

exports[`Render Footer should render the Footer Component accordingly 1`] = `ShallowWrapper {}`;
