// Jest Snapshot v1, https://goo.gl/fbAQLP

exports[`Render ProductData should render the ProductData Component accordingly 1`] = `ShallowWrapper {}`;
